// Jest Snapshot v1, https://goo.gl/fbAQLP

exports[`getDirectiveDeclaration should be defined 1`] = `
GraphQLDirective {
  "args": Array [
    Object {
      "astNode": undefined,
      "defaultValue": undefined,
      "description": null,
      "name": "from",
      "type": "[String]",
    },
  ],
  "astNode": undefined,
  "description": "Generates unique ID based on specifics fields",
  "locations": Array [
    "OBJECT",
  ],
  "name": "uid",
}
`;
